petrijuhanii@LAPTOP-A4SRPVFL:/mnt/c/Users/petri/part12-containers-applications/todo-app/todo-backend$ script
Script started, file is typescript
script: cannot open typescript: No such file or directory
petrijuhanii@LAPTOP-A4SRPVFL:/mnt/c/Users/petri/part12-containers-applications/todo-app/todo-backend$ docker exec -it todo-redis bash
root@ec0369064b74:/data# redis-cli
127.0.0.1:6379> KEYS *
1) "added_todos"
127.0.0.1:6379> GET added_todos
"3"
127.0.0.1:6379> SET added_todos 9001
OK
127.0.0.1:6379> GET added_todos
"9001"
127.0.0.1:6379> GET added_todos
"9002"
127.0.0.1:6379> DEL added_todos
(integer) 1
127.0.0.1:6379> GET added_todos
"1"
127.0.0.1:6379> exit
root@ec0369064b74:/data# exit
exit
petrijuhanii@LAPTOP-A4SRPVFL:/mnt/c/Users/petri/part12-containers-applications/todo-app/todo-backend$